3TOPAviation
50skyshades
748AirServices
@3TOPAviation
@4Eva_An_Eagle
@50skyshades
@60Minutes
@748AirServices
@A2BAirCharters
@A3Robotics
@AAI_Official
@aargusair
@ABI_gr
@ABXAir
@ACCImportDelhi
@accsahar
@acecoretech
@ACIWorld
@ACI_EUROPE
@ACSF_AERO
@ACS_AIRCHARTER
@ACS_events
@ACS_USA
@ACWmagazine
@adcock_brett
@AdvancedAirMob1
@aernnova_usa
@AeroAmMag
@aeroflot
@AeroIndiashow
@aeroinst
@AeroMontreal
@AeroNews
@aeropolMRO
@AeroportidiRoma
@AeroSociety
@Aerospace
@AerospaceKorea
@aerospacenz
@aerovironment
@aero_aura
@aero_lab
@Aero_Worx
@AETUDelft
@AFWERX
@AgilityPrime
@AINonline
@Air1Charter
@Air2AirCharter
@airasia
@AirAsiaIndia
@Airbelgium
@AirBlackBox
@AirBorealis
@Airbus
@AirbusDefence
@AirbusDS_NL
@AirbusHeli
@AirbusintheUK
@AirbusLIVE
@AirbusPRESS
@AirbusSpace
@AirbusSV
@AirCanada
@AirCargoAfrica
@AirCargoBelgium
@AirCargoEye
@AirCargoGroup
@AirCargoIndia
@AirCargoNews
@AirCargoUpdate
@aircargoweek
@aircharter
@aircharterguide
@AirCharterIndia
@AirCharterScot
@AirChartersInc
@AirChartersUK
@AircraftBy
@aircraftnews747
@AircraftYTube
@AirElecMotors
@airflowaero
@airfrance
@AirFranceUK
@airindiain
@AirlinesDotOrg
@airlivenet
@Airmobility
@AirMobilityCmd
@AirMobilityFre1
@AirMobilityInc
@AiroboticsUAV
@AirPartner
@AirPartnerUSA
@AirPilotsCo
@airplusnews
@AirportsDubai19
@Airport_Tech
@AirSafetyWriter
@AirSouthCharter
@AirspaceXP
@AirspeederHQ
@AirTanker
@AirTaxiApp
@AirTransportInt
@airvistara
@AirWestCharters
@Air_Cargo_News
@air_connecting
@AIR_MEDICAL
@air_olu
@air_skye
@AkasaAir
@AlAmadi1
@alanohnsman
@AlaskaPilots
@AlcockNews
@AlliancePilot
@AlliedPilots
@ALPAPilots
@AlphaAvGrp
@AmadeusAirport
@amazon
@AmericanAir
@AmericanMachnst
@AmericanRobotic
@AMG_RAAF
@AmpaireInc
@AMTmag
@andersoncooper
@annaaero
@AOPA
@apian
@APPG_GA
@Aptima
@archer
@ArcherAviation
@ArmyResearchLab
@ArupGroup
@ascendance_ft
@AsianSkyGroup
@ASKAFLY
@aspenavionics
@AstronicsCorp
@ATAG_aviation
@atap1bpn
@ATCA_now
@ATLairport
@AtlanticFBO
@ATRaircraft
@ATSGinc
@ATWOnline
@auricair
@AusterityAirli1
@Automotive_News
@AutonomousFlt
@AVA_airasia
@AviaPro_
@aviaryproject
@aviationblogs
@aviationbrk
@aviationfutgrp
@AviationNews
@AviationSafety
@AviationTimes
@AviationWeek
@aviation_fuel
@Aviation_Pub
@aviator_aero
@avinflatables
@AvioDiepen
@AvionicsGlobal
@AvionicsMag
@AvionicsNews
@AvionicsSpec
@AvionMauboussin
@avolon_aero
@Avtips
@Avtrain_aero
@AVweb
@AvWeekEvents
@AxalpTech_AG
@ayushee_17
@A_Thellmann
@BAATraining
@BaazEvtol
@BAESystemsplc
@BALPApilots
@banyanair
@baski_LA
@BEA_Aero
@BeckyTaylorERA
@BEE2Bpilots
@Beechcraft
@BellFlight
@Ben1Rainville
@BetaTechVT
@BetterknowYou
@bizavadvisor
@BizzyAir
@Black_Veatch
@bladeair
@BlueAirCargo
@Boeing
@BoeingAirplanes
@BoeingDefense
@BoeingFrance
@BoeingMidEast
@BoeingSpace
@BoeingUK
@Bombardier
@bonnysimi
@boomaero
@BraniffIntl
@BreezeAirways
@BreunigStefan
@BrianYutko
@bristowgroup
@Bristow_Group
@British_Airways
@BrunelAirCargo
@business
@BusinessInsider
@ButlerAvionics
@ButterworthHaye
@BViseeon
@ByeAerospaceInc
@CAAi_UK
@caasint
@CAeS_UK
@CAE_Inc
@CAFE_EAS2020
@CALCargoAir
@camiairmobility
@canadianaam
@CAPA_Aviation
@CapeAir
@CargoFacts
@CargoJetAirways
@CargoLogicAir
@cargotrends
@Cargo_Airlines
@CarolineLucas
@CASABriefing
@catsa_gc
@CBSNews
@Cessna
@CFM_engines
@ChantillyAir
@chapmanfreeborn
@chasingray
@chboursin
@ChinaAirlinesPH
@chineseflyer
@ChipDowning
@CHIRP_Aviation
@CinnamonAir
@Cities_Today
@CIVATAglobal
@CleanTechAvia
@Cleantechleader
@cleantechnica
@clean_aviation
@ClubOneAir1
@CNBCi
@CNNBusiness
@CNS_Corp
@CollinsAero
@CollisionHQ
@concordaviation
@CorpJetInvestor
@CORUS_Project
@CPCatapult
@CPHAirports
@cranfieldaero
@cranfielddartec
@CrownAdvanced
@CSMIA_Official
@CUAMDTC
@CurieuxExplorer
@curiousinvest0r
@custom_cells
@CutterAviation
@CycloTech_AT
@DaedaleanAI
@Dahl_Consult
@DamianAirCargo
@DamianKys
@DarrellAviation
@Dassault_OnAir
@Dawnp3T
@DBSchenker
@Delta
@Delta_Pilots
@densoeurope
@Deu_Aircraft
@DHLUS
@diehlaviation
@DigitalTrends
@DiversiFlite
@DjsAviation
@DocRDR
@DonDroneticks
@Doroni1
@DragonFly_AC
@DronefocusU
@DroneShareclub
@DroneShield
@DronewatchEU
@drone_talks
@DSV_AS
@DubaiAirports
@DublinAirport
@DufourAero
@DuncanAviation
@Dymond_Group
@Dynon
@EAA
@EarthAccounting
@EASA
@EastafricanAir
@eastwest_conn
@easyJet
@EBAAorg
@EdmistonJets
@EHAAT_
@ehang
@EHelipad
@elanhead
@ElecAircraft
@ElectraAero
@ElectricAero
@electricplanes
@ElectricVTOL
@ElectriveCom
@ElectronFlight
@eliseaero
@EliteJetCharter
@ElliottAviation
@elonmusk
@elroyair
@embention
@embraer
@emirates
@enginealliance
@EnglishMow
@EngVeruskaDias
@enilev
@enricomolinari
@enviroaero
@EricAdams321
@EricFLithun
@ErikSolheim
@ESAeroUS
@etherington
@eugenegalison
@eurocontrol
@EuropeanMotors
@euro_jet
@eu_cockpit
@EVA_VTOL
@EveAirMobility
@EviationAero
@evobsession
@evtol
@eVTOLaircraft
@EvtolC
@eVTOLch
@eVTOLinnovation
@eVTOLInsights
@eVTOLmag
@evtol_ru
@ev_spacs
@Exceljetcharter
@ExecuJetAvGrp
@Expliseat
@ExpoUAV
@FAANews
@FAA_Billy
@Fabriziobustama
@FairWindAir
@Falcon_Aviation
@faradair
@FedEx
@FedExPilots
@FF2020_EU
@FIAFarnborough
@FlightGlobal
@FlightListPro
@FlightRides
@FlightSafetyInt
@flight_crowd
@FlyACIJet
@flyairnorth
@flyairstart
@FlyAnu
@flybe
@FlyConnectAir
@FlyCorporate
@Flyer_Magazine
@flygfredrik
@FlyinAdamBadger
@FlyingMagazine
@FlyingSportsCar
@FlylogixUAV
@flymcaa
@flynewsmagazine
@flyplatinumair
@flySFO
@flyspicejet
@FLYTEgroup
@fly_AirCharter
@FMCampusIreland
@Forbes
@FortyMaggie
@Fossilfrittfly1
@founder_startup
@FoxATMRadar
@Frank_E_Anton
@FrRonconi
@FTSERussell
@FullyChargedShw
@FutureFlightAIN
@futureofflight
@FW_Air
@GAC_Inc
@GAManufacturers
@GCAvionics
@GEAviation
@generalelectric
@GEResearch
@getmysites
@Gevo_Inc
@Gfilche
@gigadgets_
@GKNAero
@GlenGilmore
@GlobalAir
@Global_Air_
@GlobeAir
@GoFlyPrize
@GoJet_Airlines
@goskywayco
@govtechnews
@greentech_fest
@Green_Sky_Think
@GretaThunberg
@GulfstreamAero
@h2_view
@HAECO_Group
@haloaviation
@harbourair
@HarbourAirLtd
@HawaiiAviation
@heartaerospace
@HeathrowAirport
@Hebrideanair
@HeinzVHoenen
@HeliAssoc
@HelicopterLinks
@helihub
@HexcelCorp
@HMGnewsroom
@honeywell
@Honeywell_Aero
@HorizonAircraft
@HoversurfClub
@HTAeroOfficial
@HXpilot
@HydroplaneAero
@HYDROworldwide
@hypointinc
@IASAofficial
@IATA
@IBAaviation
@icao
@Icelandair
@idealmagn3t
@IFALPA
@iflymia
@IFS_AD
@IIMS_ID
@ImageAirCharter
@IndiGo6E
@InfinityAirGRP
@InsideEVs
@insta360
@IntEngineering
@interairport
@interairportsea
@InTheKnow
@investindia
@IoAircraft
@ITAAirways
@ITS_aeropartner
@ITTFutureYou
@ivaoaero
@JAM_Recruitment
@JauntAir
@JBogaisky
@JeroenBartelse
@JessicaReed_AVN
@jetairways
@jetaviation
@JetBlueALPA
@JetcraftCorp
@JETNETLLC
@JetPartnersWW
@JetProParts
@jetson_aero
@Jet_Charters
@JingXIA64384250
@jobyaviation
@joby_IR
@joeben
@JoongAngDaily
@JorGkx
@jorglx
@JourneyAir
@jshermanVTOL
@jump_aero
@jwce21
@karoliinasalmin
@KathyLueders
@KennethISwartz
@KenyaAirways
@Kenya_Aircargo
@KeyAirCharter
@KeystoneAVN
@KinectAir
@kittyhawkcorp
@KLM
@KoreanAir_KE
@KyleBetaClark
@L3HarrisTech
@labordeolivier
@LandingsNL
@LanzaJet
@LatestSolarNews
@latimes
@LDNTechWeek
@LDO_Helicopters
@LEGOIdeas
@LeviateAirGroup
@LIFTAircraft
@Lilium
@LimosaInc
@LKDAerospace
@LMEuropeNews
@LMUKNews
@LnTTechservices
@LockheedMartin
@LoganEnergy
@LogUpdateAfrica
@lufthansa
@Luxaviation
@M4engineering
@magniX
@manairport
@MantaAircraft
@markjuelich
@mashable
@maxongroupus
@McKinsey
@Media_GlobalSky
@MetaverseXu
@MHI_RJ
@MIDASAviation
@MITAeroAstro
@MoCA_GoI
@monarchairgroup
@motionrobotics
@MountainCargo
@mrramaine
@MtnAviation
@mvollmer1
@MWAAHQ
@MY_Airports
@NACargo
@NAIASDetroit
@NanoAvionics
@NASA
@NASAaero
@NASAAmes
@NASAArmstrong
@NASAJPL
@NASA_Langley
@NATAaero
@nathanpdiller
@NBAA
@NCEfutureof
@NebOair
@NEOM
@NewswireTODAY
@nexavian
@NextUAS
@NEX_Aero
@NoPlaneNoGain
@northvolt
@NorwegianPilots
@NREL
@NTSB
@NTSB_Newsroom
@nubiadynamics
@NuovaRealta
@NWSAWC
@nwtls
@NYCAviation
@NYSE
@OAG_Aviation
@OaklandsGlobalG
@oatjetcharter
@OHC2020
@OhioAATC
@OpenAirlines
@openeraero
@OSUengineering
@overair_inc
@OxfordAirportUK
@PamirSevincel
@PanasonicAero
@pantuoaviation
@Partsbase
@pat_hanley
@Pat_Host
@PC_Avionics
@PentastarAv
@phoenixwings_de
@phractyl
@PilotMag
@pilot_mag
@pipistrelEU
@planeandpilot
@PolarAirCargo
@PorscheNewsroom
@prattandwhitney
@PremiAirCharter
@privateairchart
@privatejethire
@PrivateJetSet
@PrivateSky_
@Private_Flights
@ProCharterUK
@ProponentAero
@PSUAerospace
@ptimobility2030
@PureFlightS
@PWCanada
@qatarairways
@quantumdrones
@QuaternionG
@RAeSTimR
@RagusoSergio
@RaytheonTech
@RealAirPower1
@ReducedMobility
@ResearchDive
@ResourcesSafety
@RethinkRobotics
@ReviewVayu
@revolution_aero
@rexalexander62
@richardbranson
@RNCResearch
@RobbReport
@RobinBird216
@RollsRoyce
@RomaxTechnology
@Ronald_vanLoon
@rookisaacman
@RoyalACharters
@RoyalAirForce
@rschuur_aero
@ryseaerotech
@sabrewingair
@SAEIntl
@SAFEPilots
@SAFRAN
@SafranElectric
@SafranEngines
@safsummit
@saltspringair
@SAMADaerospace
@SamChuiPhotos
@samufrance_
@SAS_Cargo
@SCACLI_ca
@sciarra
@scion_research
@screenName
@Searidgetech
@SeaTimesAero
@SeattleAvionics
@Sedo
@SemiEngineering
@SEQMayors
@ShadinAvionics
@Shell_Aviation
@Sherwood_4690
@Shi4Tech
@ShiCooks
@Siemens
@SignatureFBO
@Sikorsky
@SimpleCharter
@simple_flying
@SITAonline
@SkaiGlobal
@Skydrive_Global
@SkylysAircraft
@SKYNRG
@SkyportsHQ
@Skyports_Infra
@Skyportz1
@skyteam
@SkyWestAirlines
@SloveniaInfo
@SmartCitiesW
@SMG_Consulting
@socketandallied
@SolairusAv
@SolvayGroup
@SpaceADSB
@SpaceX
@Spairliners
@SpiritAirlines
@ss_seekingalpha
@staralliance
@StevenRHBarrett
@StratAero
@Stylish_Bloke
@sUASnews
@Supernal_aero
@SureFly_Aero
@SURVICEEng
@susiair
@swapapilots
@SwissWorldCargo
@SWShowcase
@Synchronicity34
@Systems_EP
@tapairportugal
@TAP_Portugal
@TataCompanies
@TAVairports
@TcabTech
@TeamEglin
@TechInsider
@technology
@techpearce2
@TerrafugiaInc
@Tesla
@Textron
@TextronAviation
@TGReaver
@ThalesAerospace
@thalesgroup
@theaircharter
@theaircurrent
@TheAviationist
@TheOriginGroup
@Theresa89798981
@thompatterson
@ThrowbackSpace
@tiacaorg
@TIPMarketTrends
@titanium_air
@TopMarquesMC
@TorayTAC
@TransitAirCargo
@TransportUp
@Transport_Guru
@Transport_Up
@TravelSpotlight
@TropicAirKenya
@UAMASwitzerland
@uamgeomatics
@UAS_Technology
@Uber
@UberElevate
@UKRI_News
@UK_CAA
@unisphere_gmbh
@united
@UnitedPilots
@UnivAvionics
@UniversalCargo
@unlv
@unmanndairspace
@UnmannedSystem
@UofMaryland
@UPPartnersVC
@upsciq
@urbanairmobili1
@UrbanAirPort
@usairforce
@USDOT
@USMC
@VAST_Aero
@VelocityAG
@VerticalAero
@verticalmag
@VertisAviation
@VHBnow
@Victoryabro
@VINCIAirports
@VirginAtlantic
@VolatusAero
@VolatusLLC
@volocopter
@VoltAero
@VoltaVolare
@VProcript
@vstol
@VTOLsociety
@VWGroup
@wattflight
@weareellectric
@WeAreFINN
@wef
@weflywright
@WestcottSpace
@WestJet
@weststarfam
@WFP_UNHAS
@wiesenthal
@WILLROP3R
@Windracers
@Wing
@Wingcopter
@WIRED
@WiskAero
@WomenandDrones
@WomenInAviation
@WoodgateAir
@worldairgroup
@WorldwideJet
@wyvernltd
@xeriant
@XPengMotors
@XPENG_AEROHT
@XTIAircraft
@XTurismoLE
@YouTube
@ZappyZappy7
@zenlabsenergy
@zephatalien
@ZeroAvia
@zunumaero
@ZuriVTOL
@_AirlinerWorld
@_Farsound
@_skystations
@_TomorrowMob
A2BAirCharters
AAI_Official
aargusair
ABI_gr
ABXAir
ACCImportDelhi
accsahar
acecoretech
ACIWorld
ACI_EUROPE
ACSF_AERO
ACS_AIRCHARTER
ACS_events
ACS_USA
ACWmagazine
AdvancedAirMob1
aernnova_usa
AeroAmMag
aeroflot
AeroIndiashow
aeroinst
AeroNews
aeropolMRO
AeroSociety
Aerospace
aerospacenz
aerovironment
aero_aura
aero_lab
Aero_Worx
AFWERX
AgilityPrime
AINonline
Air1Charter
Air2AirCharter
AirAsiaIndia
Airbelgium
AirBlackBox
AirBorealis
Airbus
AirbusDefence
AirbusDS_NL
AirbusHeli
AirbusintheUK
AirbusLIVE
AirbusPRESS
AirbusSpace
AirbusSV
AirCanada
AirCargoAfrica
AirCargoBelgium
AirCargoEye
AirCargoGroup
AirCargoIndia
AirCargoNews
AirCargoUpdate
aircargoweek
aircharter
aircharterguide
AirCharterIndia
AirCharterScot
AirChartersInc
AirChartersUK
aircraftnews747
AircraftYTube
AirElecMotors
airflowaero
airfrance
AirFranceUK
airindiain
AirlinesDotOrg
airlivenet
Airmobility
AirMobilityCmd
AirMobilityFre1
AirMobilityInc
AiroboticsUAV
AirPartner
AirPartnerUSA
AirPilotsCo
airplusnews
AirportsDubai19
Airport_Tech
AirSouthCharter
AirspaceXP
AirspeederHQ
AirTanker
AirTaxiApp
AirTransportInt
airvistara
AirWestCharters
Air_Cargo_News
air_connecting
AIR_MEDICAL
air_skye
AkasaAir
AlAmadi1
AlaskaPilots
AlcockNews
AlliancePilot
AlliedPilots
ALPAPilots
AlphaAvGrp
AmadeusAirport
AmericanRobotic
AMG_RAAF
AmpaireInc
AMTmag
annaaero
AOPA
APPG_GA
ArcherAviation
ascendance_ft
aspenavionics
atap1bpn
ATLairport
AtlanticFBO
ATSGinc
ATWOnline
auricair
AusterityAirli1
AutonomousFlt
aviaryproject
aviationblogs
aviationbrk
aviationfutgrp
AviationNews
AviationSafety
AviationTimes
AviationWeek
aviation_fuel
Aviation_Pub
aviator_aero
avinflatables
AvioDiepen
AvionicsGlobal
AvionicsNews
AvionicsSpec
AvionMauboussin
Avtips
AvWeekEvents
A_Thellmann
BAATraining
BaazEvtol
BALPApilots
banyanair
baski_LA
BEA_Aero
BeckyTaylorERA
BEE2Bpilots
Beechcraft
bizavadvisor
BizzyAir
BlueAirCargo
Boeing
BoeingAirplanes
BoeingDefense
BoeingFrance
BoeingSpace
BoeingUK
Bombardier
BreezeAirways
BreunigStefan
BrianYutko
bristowgroup
British_Airways
BrunelAirCargo
ButlerAvionics
ButterworthHaye
BViseeon
ByeAerospaceInc
CAAi_UK
caasint
CAeS_UK
CAFE_EAS2020
CALCargoAir
camiairmobility
canadianaam
CAPA_Aviation
CargoFacts
CargoJetAirways
CargoLogicAir
cargotrends
Cargo_Airlines
CASABriefing
catsa_gc
Cessna
CFM_engines
ChantillyAir
chapmanfreeborn
ChipDowning
CHIRP_Aviation
CinnamonAir
CIVATAglobal
CleanTechAvia
cleantechnica
clean_aviation
ClubOneAir1
CNS_Corp
CollinsAero
concordaviation
CorpJetInvestor
CORUS_Project
CPHAirports
cranfieldaero
cranfielddartec
CrownAdvanced
CSMIA_Official
CUAMDTC
custom_cells
CutterAviation
CycloTech_AT
DaedaleanAI
Dahl_Consult
DamianAirCargo
DamianKys
DarrellAviation
Dassault_OnAir
Delta
Delta_Pilots
Deu_Aircraft
DigitalTrends
Doroni1
DragonFly_AC
DronewatchEU
DubaiAirports
DufourAero
DuncanAviation
Dynon
EAA
EarthAccounting
EASA
EastafricanAir
easyJet
EBAAorg
EdmistonJets
ehang
ElecAircraft
ElectraAero
ElectricAero
electricplanes
ElectricVTOL
ElectriveCom
ElectronFlight
eliseaero
EliteJetCharter
ElliottAviation
elroyair
embention
embraer
emirates
enginealliance
enricomolinari
enviroaero
EricFLithun
ESAeroUS
etherington
eurocontrol
EuropeanMotors
euro_jet
eu_cockpit
EveAirMobility
EviationAero
evobsession
evtol
eVTOLaircraft
EvtolC
eVTOLch
eVTOLinnovation
eVTOLInsights
eVTOLmag
evtol_ru
ev_spacs
Exceljetcharter
ExecuJetAvGrp
FAANews
FairWindAir
faradair
FedEx
FedExPilots
FF2020_EU
FlightGlobal
FlightListPro
FlightRides
FlightSafetyInt
flight_crowd
FlyACIJet
flyairnorth
flyairstart
FlyAnu
FlyCorporate
flygfredrik
FlyingMagazine
flymcaa
flynewsmagazine
flyplatinumair
flySFO
FLYTEgroup
fly_AirCharter
Fossilfrittfly1
FoxATMRadar
Frank_E_Anton
FutureFlightAIN
futureofflight
FW_Air
GAC_Inc
GCAvionics
GEAviation
generalelectric
GEResearch
Gevo_Inc
GlobalAir
Global_Air_
GlobeAir
goskywayco
govtechnews
Green_Sky_Think
GulfstreamAero
h2_view
haloaviation
HawaiiAviation
heartaerospace
Hebrideanair
HelicopterLinks
HexcelCorp
HMGnewsroom
Honeywell_Aero
HorizonAircraft
HoversurfClub
HTAeroOfficial
hypointinc
IASAofficial
IATA
IBAaviation
icao
idealmagn3t
IFALPA
ImageAirCharter
IndiGo6E
InfinityAirGRP
InsideEVs
interairport
interairportsea
InTheKnow
ITS_aeropartner
ITTFutureYou
ivaoaero
JauntAir
JeroenBartelse
JessicaReed_AVN
jetairways
jetaviation
JetBlueALPA
JetcraftCorp
JETNETLLC
JetPartnersWW
JetProParts
jetson_aero
Jet_Charters
JingXIA64384250
jobyaviation
JorGkx
jorglx
JourneyAir
jshermanVTOL
jump_aero
karoliinasalmin
Kenya_Aircargo
KeyAirCharter
KeystoneAVN
KinectAir
kittyhawkcorp
KLM
KoreanAir_KE
labordeolivier
LandingsNL
LanzaJet
LatestSolarNews
LeviateAirGroup
LIFTAircraft
Lilium
LKDAerospace
LMEuropeNews
LMUKNews
LockheedMartin
LoganEnergy
LogUpdateAfrica
lufthansa
Luxaviation
MagniX
MantaAircraft
maxongroupus
MHI_RJ
MITAeroAstro
MoCA_GoI
monarchairgroup
motionrobotics
MountainCargo
mrramaine
MtnAviation
mvollmer1
MWAAHQ
MY_Airports
NACargo
NanoAvionics
NASAaero
NATAaero
NBAA
NCEfutureof
NebOair
NEOM
nexavian
NextUAS
NoPlaneNoGain
northvolt
NorwegianPilots
NTSB
nubiadynamics
NWSAWC
NYCAviation
OAG_Aviation
oatjetcharter
OhioAATC
OpenAirlines
openeraero
overair_inc
PamirSevincel
PanasonicAero
Partsbase
pat_hanley
PC_Avionics
PentastarAv
phoenixwings_de
phractyl
PilotMag
pilot_mag
pipistrelEU
planeandpilot
PolarAirCargo
prattandwhitney
PremiAirCharter
privateairchart
privatejethire
PrivateJetSet
PrivateSky_
Private_Flights
ProCharterUK
ProponentAero
ptimobility2030
PureFlightS
PWCanada
qatarairways
quantumdrones
RAeSTimR
RagusoSergio
RaytheonTech
RealAirPower1
ReducedMobility
ResourcesSafety
RethinkRobotics
revolution_aero
RollsRoyce
RomaxTechnology
Ronald_vanLoon
RoyalACharters
rschuur_aero
sabrewingair
SAFEPilots
SAFRAN
SafranElectric
SafranEngines
safsummit
saltspringair
SAMADaerospace
samufrance_
SAS_Cargo
SCACLI_ca
scion_research
Searidgetech
SeaTimesAero
SeattleAvionics
SemiEngineering
ShadinAvionics
Shell_Aviation
Sherwood_4690
ShiCooks
Siemens
SignatureFBO
Sikorsky
SimpleCharter
simple_flying
SITAonline
SkaiGlobal
SkylysAircraft
SKYNRG
SkyportsHQ
Skyportz1
SolairusAv
SpaceADSB
Spairliners
staralliance
StevenRHBarrett
StratAero
sUASnews
Supernal_aero
SureFly_Aero
susiair
swapapilots
SwissWorldCargo
tapairportugal
TAVairports
techpearce2
TerrafugiaInc
TextronAviation
thalesgroup
theaircharter
TheAviationist
ThrowbackSpace
tiacaorg
titanium_air
TransitAirCargo
TransportUp
Transport_Guru
Transport_Up
TropicAirKenya
UAMASwitzerland
uamgeomatics
UAS_Technology
Uber
UberElevate
UK_CAA
united
UnitedPilots
UnivAvionics
UniversalCargo
UPPartnersVC
urbanairmobili1
UrbanAirPort
usairforce
VelocityAG
VerticalAero
VertisAviation
Victoryabro
VINCIAirports
VirginAtlantic
volocopter
VoltAero
VoltaVolare
wattflight
WeAreFINN
wef
weflywright
weststarfam
WFP_UNHAS
wiesenthal
Wingcopter
WiskAero
WomenInAviation
WoodgateAir
worldairgroup
WorldwideJet
wyvernltd
xeriant
XPengMotors
XTurismoLE
ZappyZappy7
ZeroAvia
zunumaero
ZuriVTOL
_Farsound
_skystations